
> vibecode-manager@0.1.0 build
> next build

node.exe : ÔÜá Warning: 
Next.js inferred your 
workspace root, but it may 
not be correct.
No C:\Program 
Files\nodejs\npm.ps1:29 
caractere:3
+   & $NODE_EXE $NPM_CLI_JS 
$args
+   
~~~~~~~~~~~~~~~~~~~~~~~~~~~~~
    + CategoryInfo           
   : NotSpecified: (ÔÜá War  
  ning: Ne...not be correc   
 t.:String) [], RemoteExc    
eption
    + FullyQualifiedErrorId  
   : NativeCommandError
 
 We detected multiple 
lockfiles and selected the 
directory of C:\Users\victo_h
tyd3kj\package-lock.json as 
the root directory.
 To silence this warning, 
set `turbopack.root` in your 
Next.js config, or consider 
removing one of the 
lockfiles if it's not needed.
   See https://nextjs.org/doc
s/app/api-reference/config/ne
xt-config-js/turbopack#root-d
irectory for more 
information.
 Detected additional 
lockfiles: 
   * C:\Users\victo_htyd3kj\O
neDrive\Desktop\Projetos\Vibe
coding\vibecode-manager\packa
ge-lock.json

Ôû▓ Next.js 16.1.1 (Turbopack)
- Environments: .env.local, .env

ÔÜá The "middleware" file 
convention is deprecated. 
Please use "proxy" instead. 
Learn more: https://nextjs.or
g/docs/messages/middleware-to
-proxy
  Creating an optimized production build ...
Error: Cannot apply unknown 
utility class 
`bg-background`. Are you 
using CSS modules or similar 
and missing `@reference`? htt
ps://tailwindcss.com/docs/fun
ctions-and-directives#referen
ce-directive
    [2m[at 
onInvalidCandidate (C:\Users\
victo_htyd3kj\OneDrive\Deskto
p\Projetos\Vibecoding\vibecod
e-manager\node_modules\tailwi
ndcss\dist\lib.js:21:1314)][
0m
    [2m[at Te (C:\Users\vict
o_htyd3kj\OneDrive\Desktop\Pr
ojetos\Vibecoding\vibecode-ma
nager\node_modules\tailwindcs
s\dist\lib.js:16:36652)][0m
    [2m[at C:\Users\victo_ht
yd3kj\OneDrive\Desktop\Projet
os\Vibecoding\vibecode-manage
r\node_modules\tailwindcss\di
st\lib.js:21:355][0m
    [2m[at Rr (C:\Users\vict
o_htyd3kj\OneDrive\Desktop\Pr
ojetos\Vibecoding\vibecode-ma
nager\node_modules\tailwindcs
s\dist\lib.js:3:1718)][0m
    [2m[at _ (C:\Users\victo
_htyd3kj\OneDrive\Desktop\Pro
jetos\Vibecoding\vibecode-man
ager\node_modules\tailwindcss
\dist\lib.js:3:1377)][0m
    [2m[at $e (C:\Users\vict
o_htyd3kj\OneDrive\Desktop\Pr
ojetos\Vibecoding\vibecode-ma
nager\node_modules\tailwindcs
s\dist\lib.js:21:172)][0m
    [2m[at un (C:\Users\vict
o_htyd3kj\OneDrive\Desktop\Pr
ojetos\Vibecoding\vibecode-ma
nager\node_modules\tailwindcs
s\dist\lib.js:38:294)][0m
    [2m[at process.processTi
cksAndRejections (node:intern
al/process/task_queues:105:5)
][0m
    [2m[at async cn (C:\User
s\victo_htyd3kj\OneDrive\Desk
top\Projetos\Vibecoding\vibec
ode-manager\node_modules\tail
windcss\dist\lib.js:38:631)]
[0m
    [2m[at async Xr (C:\User
s\victo_htyd3kj\OneDrive\Desk
top\Projetos\Vibecoding\vibec
ode-manager\node_modules\@tai
lwindcss\node\dist\index.js:1
0:3417)][0m

> Build error occurred
Error: Turbopack build 
failed with 1 errors:
./OneDrive/Desktop/Projetos/V
ibecoding/vibecode-manager/ap
p/globals.css
Error evaluating Node.js code
CssSyntaxError: tailwindcss: 
C:\Users\victo_htyd3kj\OneDri
ve\Desktop\Projetos\Vibecodin
g\vibecode-manager\app\global
s.css:1:1: Cannot apply 
unknown utility class 
`bg-background`. Are you 
using CSS modules or similar 
and missing `@reference`? htt
ps://tailwindcss.com/docs/fun
ctions-and-directives#referen
ce-directive
    at Input.error (OneDrive/
Desktop/Projetos/Vibecoding/v
ibecode-manager/node_modules/
postcss/lib/input.js:135:16) 
[C:\Users\victo_htyd3kj\OneDr
ive\Desktop\Projetos\Vibecodi
ng\vibecode-manager\.next\bui
ld\chunks\54d78_6f7346b0._.js
:4651:22]
    at Root.error (OneDrive/D
esktop/Projetos/Vibecoding/vi
becode-manager/node_modules/p
ostcss/lib/node.js:146:32) [C
:\Users\victo_htyd3kj\OneDriv
e\Desktop\Projetos\Vibecoding
\vibecode-manager\.next\build
\chunks\54d78_6f7346b0._.js:9
28:38]
    [at Object.Once (C:\Users
\victo_htyd3kj\OneDrive\Deskt
op\Projetos\Vibecoding\vibeco
de-manager\node_modules\@tail
windcss\postcss\dist\index.js
:10:6911)]
    [at process.processTicksA
ndRejections (node:internal/p
rocess/task_queues:105:5)]
    at async 
LazyResult.runAsync (OneDrive
/Desktop/Projetos/Vibecoding/
vibecode-manager/node_modules
/postcss/lib/lazy-result.js:2
93:11) [C:\Users\victo_htyd3k
j\OneDrive\Desktop\Projetos\V
ibecoding\vibecode-manager\.n
ext\build\chunks\54d78_6f7346
b0._.js:6206:21]
    at async transform (turbo
pack:///[turbopack-node]/tran
sforms/postcss.ts:70:34) [C:\
Users\victo_htyd3kj\OneDrive\
Desktop\Projetos\Vibecoding\v
ibecode-manager\.next\build\c
hunks\[root-of-the-server]__d
ccef613._.js:146:36]
    at async run (turbopack:/
//[turbopack-node]/ipc/evalua
te.ts:92:23) [C:\Users\victo_
htyd3kj\OneDrive\Desktop\Proj
etos\Vibecoding\vibecode-mana
ger\.next\build\chunks\[root-
of-the-server]__0222478e._.js
:443:31]

Import trace:
  Client Component Browser:
    ./OneDrive/Desktop/Projet
os/Vibecoding/vibecode-manage
r/app/globals.css [Client 
Component Browser]
    ./OneDrive/Desktop/Projet
os/Vibecoding/vibecode-manage
r/app/layout.tsx [Server 
Component]


    at async transform (turbo
pack:///[turbopack-node]/tran
sforms/postcss.ts:70:34) [C:\
Users\victo_htyd3kj\OneDrive\
Desktop\Projetos\Vibecoding\v
ibecode-manager\.next\build\c
hunks\[root-of-the-server]__d
ccef613._.js:146:36])
    at async run (turbopack:/
//[turbopack-node]/ipc/evalua
te.ts:92:23) [C:\Users\victo_
htyd3kj\OneDrive\Desktop\Proj
etos\Vibecoding\vibecode-mana
ger\.next\build\chunks\[root-
of-the-server]__0222478e._.js
:443:31])
